
CPPTRAJ: Trajectory Analysis. V17.00
    ___  ___  ___  ___
     | \/ | \/ | \/ | 
    _|_/\_|_/\_|_/\_|_

| Date/time: 02/27/18 21:43:36
| Available memory: 1.534 GB

INPUT: Reading input from 'a-bam-p/a00/generated/full.pdb.in'
  [parm a-bam-p/a00/original/full.hmr.topo]
	Reading 'a-bam-p/a00/original/full.hmr.topo' as Amber Topology
	Radius Set: modified Bondi radii (mbondi)
  [trajin a-bam-p/a00/original/full.crds]
	Reading 'a-bam-p/a00/original/full.crds' as Amber Restart
  [trajout a-bam-p/a00/generated/full.pdb conect]
	Writing 'a-bam-p/a00/generated/full.pdb' as PDB
---------- RUN BEGIN -------------------------------------------------

PARAMETER FILES (1 total):
 0: full.hmr.topo, 6159 atoms, 2023 res, box: Orthogonal, 2018 mol, 2000 solvent

INPUT TRAJECTORIES (1 total):
 0: 'full.crds' is an AMBER restart file, no velocities, Parm full.hmr.topo (Orthogonal box) (reading 1 of 1)
  Coordinate processing will occur on 1 frames.

OUTPUT TRAJECTORIES (1 total):
  'full.pdb' (1 frames) is a PDB file with CONECT records

BEGIN TRAJECTORY PROCESSING:
Warning: No PDB space group specified.
----- full.crds (1-1, 1) -----
100% Complete.

Read 1 frames and processed 1 frames.
TIME: Avg. throughput= 57.8536 frames / second.

ACTION OUTPUT:

RUN TIMING:
TIME:		Init               : 0.0000 s (  0.05%)
TIME:		Trajectory Process : 0.0173 s ( 79.53%)
TIME:		Action Post        : 0.0000 s (  0.00%)
TIME:		Analysis           : 0.0000 s (  0.00%)
TIME:		Data File Write    : 0.0000 s (  0.00%)
TIME:		Other              : 0.0044 s (  0.20%)
TIME:	Run Total 0.0217 s
---------- RUN END ---------------------------------------------------
TIME: Total execution time: 0.0331 seconds.
--------------------------------------------------------------------------------
To cite CPPTRAJ use:
Daniel R. Roe and Thomas E. Cheatham, III, "PTRAJ and CPPTRAJ: Software for
  Processing and Analysis of Molecular Dynamics Trajectory Data". J. Chem.
  Theory Comput., 2013, 9 (7), pp 3084-3095.

